[0.226s] DEBUG:colcon:Command line arguments: ['/usr/bin/colcon', 'build']
[0.226s] DEBUG:colcon:Parsed command line arguments: Namespace(log_base=None, log_level=None, verb_name='build', build_base='build', install_base='install', merge_install=False, symlink_install=False, test_result_base=None, continue_on_error=False, executor='parallel', parallel_workers=8, event_handlers=None, ignore_user_meta=False, metas=['./colcon.meta'], base_paths=['.'], packages_ignore=None, packages_ignore_regex=None, paths=None, packages_up_to=None, packages_up_to_regex=None, packages_above=None, packages_above_and_dependencies=None, packages_above_depth=None, packages_select_by_dep=None, packages_skip_by_dep=None, packages_skip_up_to=None, packages_select_build_failed=False, packages_skip_build_finished=False, packages_select_test_failures=False, packages_skip_test_passed=False, packages_select=None, packages_skip=None, packages_select_regex=None, packages_skip_regex=None, packages_start=None, packages_end=None, allow_overriding=[], cmake_args=None, cmake_target=None, cmake_target_skip_unavailable=False, cmake_clean_cache=False, cmake_clean_first=False, cmake_force_configure=False, ament_cmake_args=None, catkin_cmake_args=None, catkin_skip_building_tests=False, mixin_files=None, mixin=None, verb_parser=<colcon_mixin.mixin.mixin_argument.MixinArgumentDecorator object at 0x77db727bb730>, verb_extension=<colcon_core.verb.build.BuildVerb object at 0x77db727bb1c0>, main=<bound method BuildVerb.main of <colcon_core.verb.build.BuildVerb object at 0x77db727bb1c0>>, mixin_verb=('build',))
[0.319s] Level 1:colcon.colcon_core.package_discovery:discover_packages(colcon_meta) check parameters
[0.319s] Level 1:colcon.colcon_core.package_discovery:discover_packages(recursive) check parameters
[0.319s] Level 1:colcon.colcon_core.package_discovery:discover_packages(ignore) check parameters
[0.319s] Level 1:colcon.colcon_core.package_discovery:discover_packages(path) check parameters
[0.319s] Level 1:colcon.colcon_core.package_discovery:discover_packages(colcon_meta) discover
[0.319s] Level 1:colcon.colcon_core.package_discovery:discover_packages(recursive) discover
[0.319s] INFO:colcon.colcon_core.package_discovery:Crawling recursively for packages in '/home/altair/Documents/saitou_ws'
[0.320s] Level 1:colcon.colcon_core.package_identification:_identify(.) by extensions ['ignore', 'ignore_ament_install']
[0.320s] Level 1:colcon.colcon_core.package_identification:_identify(.) by extension 'ignore'
[0.320s] Level 1:colcon.colcon_core.package_identification:_identify(.) by extension 'ignore_ament_install'
[0.320s] Level 1:colcon.colcon_core.package_identification:_identify(.) by extensions ['colcon_pkg']
[0.320s] Level 1:colcon.colcon_core.package_identification:_identify(.) by extension 'colcon_pkg'
[0.320s] Level 1:colcon.colcon_core.package_identification:_identify(.) by extensions ['colcon_meta']
[0.320s] Level 1:colcon.colcon_core.package_identification:_identify(.) by extension 'colcon_meta'
[0.320s] Level 1:colcon.colcon_core.package_identification:_identify(.) by extensions ['ros']
[0.320s] Level 1:colcon.colcon_core.package_identification:_identify(.) by extension 'ros'
[0.342s] Level 1:colcon.colcon_core.package_identification:_identify(.) by extensions ['cmake', 'python']
[0.343s] Level 1:colcon.colcon_core.package_identification:_identify(.) by extension 'cmake'
[0.343s] Level 1:colcon.colcon_core.package_identification:_identify(.) by extension 'python'
[0.343s] Level 1:colcon.colcon_core.package_identification:_identify(.) by extensions ['python_setup_py']
[0.343s] Level 1:colcon.colcon_core.package_identification:_identify(.) by extension 'python_setup_py'
[0.343s] Level 1:colcon.colcon_core.package_identification:_identify(build) by extensions ['ignore', 'ignore_ament_install']
[0.343s] Level 1:colcon.colcon_core.package_identification:_identify(build) by extension 'ignore'
[0.343s] Level 1:colcon.colcon_core.package_identification:_identify(build) ignored
[0.343s] Level 1:colcon.colcon_core.package_identification:_identify(esp32_control) by extensions ['ignore', 'ignore_ament_install']
[0.343s] Level 1:colcon.colcon_core.package_identification:_identify(esp32_control) by extension 'ignore'
[0.343s] Level 1:colcon.colcon_core.package_identification:_identify(esp32_control) by extension 'ignore_ament_install'
[0.343s] Level 1:colcon.colcon_core.package_identification:_identify(esp32_control) by extensions ['colcon_pkg']
[0.343s] Level 1:colcon.colcon_core.package_identification:_identify(esp32_control) by extension 'colcon_pkg'
[0.343s] Level 1:colcon.colcon_core.package_identification:_identify(esp32_control) by extensions ['colcon_meta']
[0.344s] Level 1:colcon.colcon_core.package_identification:_identify(esp32_control) by extension 'colcon_meta'
[0.344s] Level 1:colcon.colcon_core.package_identification:_identify(esp32_control) by extensions ['ros']
[0.344s] Level 1:colcon.colcon_core.package_identification:_identify(esp32_control) by extension 'ros'
[0.344s] Level 1:colcon.colcon_core.package_identification:_identify(esp32_control) by extensions ['cmake', 'python']
[0.344s] Level 1:colcon.colcon_core.package_identification:_identify(esp32_control) by extension 'cmake'
[0.344s] Level 1:colcon.colcon_core.package_identification:_identify(esp32_control) by extension 'python'
[0.344s] Level 1:colcon.colcon_core.package_identification:_identify(esp32_control) by extensions ['python_setup_py']
[0.344s] Level 1:colcon.colcon_core.package_identification:_identify(esp32_control) by extension 'python_setup_py'
[0.344s] Level 1:colcon.colcon_core.package_identification:_identify(install) by extensions ['ignore', 'ignore_ament_install']
[0.344s] Level 1:colcon.colcon_core.package_identification:_identify(install) by extension 'ignore'
[0.344s] Level 1:colcon.colcon_core.package_identification:_identify(install) ignored
[0.344s] Level 1:colcon.colcon_core.package_identification:_identify(log) by extensions ['ignore', 'ignore_ament_install']
[0.344s] Level 1:colcon.colcon_core.package_identification:_identify(log) by extension 'ignore'
[0.344s] Level 1:colcon.colcon_core.package_identification:_identify(log) ignored
[0.344s] Level 1:colcon.colcon_core.package_identification:_identify(ros2_ws) by extensions ['ignore', 'ignore_ament_install']
[0.345s] Level 1:colcon.colcon_core.package_identification:_identify(ros2_ws) by extension 'ignore'
[0.345s] Level 1:colcon.colcon_core.package_identification:_identify(ros2_ws) by extension 'ignore_ament_install'
[0.345s] Level 1:colcon.colcon_core.package_identification:_identify(ros2_ws) by extensions ['colcon_pkg']
[0.345s] Level 1:colcon.colcon_core.package_identification:_identify(ros2_ws) by extension 'colcon_pkg'
[0.345s] Level 1:colcon.colcon_core.package_identification:_identify(ros2_ws) by extensions ['colcon_meta']
[0.345s] Level 1:colcon.colcon_core.package_identification:_identify(ros2_ws) by extension 'colcon_meta'
[0.345s] Level 1:colcon.colcon_core.package_identification:_identify(ros2_ws) by extensions ['ros']
[0.345s] Level 1:colcon.colcon_core.package_identification:_identify(ros2_ws) by extension 'ros'
[0.345s] Level 1:colcon.colcon_core.package_identification:_identify(ros2_ws) by extensions ['cmake', 'python']
[0.345s] Level 1:colcon.colcon_core.package_identification:_identify(ros2_ws) by extension 'cmake'
[0.345s] Level 1:colcon.colcon_core.package_identification:_identify(ros2_ws) by extension 'python'
[0.345s] Level 1:colcon.colcon_core.package_identification:_identify(ros2_ws) by extensions ['python_setup_py']
[0.345s] Level 1:colcon.colcon_core.package_identification:_identify(ros2_ws) by extension 'python_setup_py'
[0.345s] Level 1:colcon.colcon_core.package_identification:_identify(ros2_ws/build) by extensions ['ignore', 'ignore_ament_install']
[0.345s] Level 1:colcon.colcon_core.package_identification:_identify(ros2_ws/build) by extension 'ignore'
[0.345s] Level 1:colcon.colcon_core.package_identification:_identify(ros2_ws/build) ignored
[0.346s] Level 1:colcon.colcon_core.package_identification:_identify(ros2_ws/install) by extensions ['ignore', 'ignore_ament_install']
[0.346s] Level 1:colcon.colcon_core.package_identification:_identify(ros2_ws/install) by extension 'ignore'
[0.346s] Level 1:colcon.colcon_core.package_identification:_identify(ros2_ws/install) ignored
[0.346s] Level 1:colcon.colcon_core.package_identification:_identify(ros2_ws/log) by extensions ['ignore', 'ignore_ament_install']
[0.346s] Level 1:colcon.colcon_core.package_identification:_identify(ros2_ws/log) by extension 'ignore'
[0.346s] Level 1:colcon.colcon_core.package_identification:_identify(ros2_ws/log) ignored
[0.346s] Level 1:colcon.colcon_core.package_identification:_identify(ros2_ws/src) by extensions ['ignore', 'ignore_ament_install']
[0.346s] Level 1:colcon.colcon_core.package_identification:_identify(ros2_ws/src) by extension 'ignore'
[0.346s] Level 1:colcon.colcon_core.package_identification:_identify(ros2_ws/src) by extension 'ignore_ament_install'
[0.346s] Level 1:colcon.colcon_core.package_identification:_identify(ros2_ws/src) by extensions ['colcon_pkg']
[0.346s] Level 1:colcon.colcon_core.package_identification:_identify(ros2_ws/src) by extension 'colcon_pkg'
[0.346s] Level 1:colcon.colcon_core.package_identification:_identify(ros2_ws/src) by extensions ['colcon_meta']
[0.346s] Level 1:colcon.colcon_core.package_identification:_identify(ros2_ws/src) by extension 'colcon_meta'
[0.346s] Level 1:colcon.colcon_core.package_identification:_identify(ros2_ws/src) by extensions ['ros']
[0.346s] Level 1:colcon.colcon_core.package_identification:_identify(ros2_ws/src) by extension 'ros'
[0.347s] Level 1:colcon.colcon_core.package_identification:_identify(ros2_ws/src) by extensions ['cmake', 'python']
[0.347s] Level 1:colcon.colcon_core.package_identification:_identify(ros2_ws/src) by extension 'cmake'
[0.347s] Level 1:colcon.colcon_core.package_identification:_identify(ros2_ws/src) by extension 'python'
[0.347s] Level 1:colcon.colcon_core.package_identification:_identify(ros2_ws/src) by extensions ['python_setup_py']
[0.347s] Level 1:colcon.colcon_core.package_identification:_identify(ros2_ws/src) by extension 'python_setup_py'
[0.347s] Level 1:colcon.colcon_core.package_identification:_identify(ros2_ws/src/esp_radio_controlled_pkg) by extensions ['ignore', 'ignore_ament_install']
[0.347s] Level 1:colcon.colcon_core.package_identification:_identify(ros2_ws/src/esp_radio_controlled_pkg) by extension 'ignore'
[0.347s] Level 1:colcon.colcon_core.package_identification:_identify(ros2_ws/src/esp_radio_controlled_pkg) by extension 'ignore_ament_install'
[0.347s] Level 1:colcon.colcon_core.package_identification:_identify(ros2_ws/src/esp_radio_controlled_pkg) by extensions ['colcon_pkg']
[0.347s] Level 1:colcon.colcon_core.package_identification:_identify(ros2_ws/src/esp_radio_controlled_pkg) by extension 'colcon_pkg'
[0.347s] Level 1:colcon.colcon_core.package_identification:_identify(ros2_ws/src/esp_radio_controlled_pkg) by extensions ['colcon_meta']
[0.347s] Level 1:colcon.colcon_core.package_identification:_identify(ros2_ws/src/esp_radio_controlled_pkg) by extension 'colcon_meta'
[0.347s] Level 1:colcon.colcon_core.package_identification:_identify(ros2_ws/src/esp_radio_controlled_pkg) by extensions ['ros']
[0.347s] Level 1:colcon.colcon_core.package_identification:_identify(ros2_ws/src/esp_radio_controlled_pkg) by extension 'ros'
[0.352s] DEBUG:colcon.colcon_core.package_identification:Package 'ros2_ws/src/esp_radio_controlled_pkg' with type 'ros.ament_python' and name 'esp_radio_controlled_pkg'
[0.352s] Level 1:colcon.colcon_core.package_discovery:discover_packages(recursive) using defaults
[0.352s] Level 1:colcon.colcon_core.package_discovery:discover_packages(ignore) discover
[0.352s] Level 1:colcon.colcon_core.package_discovery:discover_packages(ignore) using defaults
[0.352s] Level 1:colcon.colcon_core.package_discovery:discover_packages(path) discover
[0.352s] Level 1:colcon.colcon_core.package_discovery:discover_packages(path) using defaults
[0.386s] Level 1:colcon.colcon_core.package_discovery:discover_packages(prefix_path) check parameters
[0.386s] Level 1:colcon.colcon_core.package_discovery:discover_packages(prefix_path) discover
[0.391s] DEBUG:colcon.colcon_installed_package_information.package_discovery:Found 334 installed packages in /opt/ros/humble
[0.393s] Level 1:colcon.colcon_core.package_discovery:discover_packages(prefix_path) using defaults
[0.549s] Level 5:colcon.colcon_core.verb:set package 'esp_radio_controlled_pkg' build argument 'cmake_args' from command line to 'None'
[0.549s] Level 5:colcon.colcon_core.verb:set package 'esp_radio_controlled_pkg' build argument 'cmake_target' from command line to 'None'
[0.549s] Level 5:colcon.colcon_core.verb:set package 'esp_radio_controlled_pkg' build argument 'cmake_target_skip_unavailable' from command line to 'False'
[0.549s] Level 5:colcon.colcon_core.verb:set package 'esp_radio_controlled_pkg' build argument 'cmake_clean_cache' from command line to 'False'
[0.549s] Level 5:colcon.colcon_core.verb:set package 'esp_radio_controlled_pkg' build argument 'cmake_clean_first' from command line to 'False'
[0.549s] Level 5:colcon.colcon_core.verb:set package 'esp_radio_controlled_pkg' build argument 'cmake_force_configure' from command line to 'False'
[0.549s] Level 5:colcon.colcon_core.verb:set package 'esp_radio_controlled_pkg' build argument 'ament_cmake_args' from command line to 'None'
[0.549s] Level 5:colcon.colcon_core.verb:set package 'esp_radio_controlled_pkg' build argument 'catkin_cmake_args' from command line to 'None'
[0.549s] Level 5:colcon.colcon_core.verb:set package 'esp_radio_controlled_pkg' build argument 'catkin_skip_building_tests' from command line to 'False'
[0.549s] DEBUG:colcon.colcon_core.verb:Building package 'esp_radio_controlled_pkg' with the following arguments: {'ament_cmake_args': None, 'build_base': '/home/altair/Documents/saitou_ws/build/esp_radio_controlled_pkg', 'catkin_cmake_args': None, 'catkin_skip_building_tests': False, 'cmake_args': None, 'cmake_clean_cache': False, 'cmake_clean_first': False, 'cmake_force_configure': False, 'cmake_target': None, 'cmake_target_skip_unavailable': False, 'install_base': '/home/altair/Documents/saitou_ws/install/esp_radio_controlled_pkg', 'merge_install': False, 'path': '/home/altair/Documents/saitou_ws/ros2_ws/src/esp_radio_controlled_pkg', 'symlink_install': False, 'test_result_base': None}
[0.550s] INFO:colcon.colcon_core.executor:Executing jobs using 'parallel' executor
[0.551s] DEBUG:colcon.colcon_parallel_executor.executor.parallel:run_until_complete
[0.551s] INFO:colcon.colcon_ros.task.ament_python.build:Building ROS package in '/home/altair/Documents/saitou_ws/ros2_ws/src/esp_radio_controlled_pkg' with build type 'ament_python'
[0.551s] Level 1:colcon.colcon_core.shell:create_environment_hook('esp_radio_controlled_pkg', 'ament_prefix_path')
[0.555s] INFO:colcon.colcon_core.plugin_system:Skipping extension 'colcon_core.shell.bat': Not used on non-Windows systems
[0.555s] INFO:colcon.colcon_core.shell:Creating environment hook '/home/altair/Documents/saitou_ws/install/esp_radio_controlled_pkg/share/esp_radio_controlled_pkg/hook/ament_prefix_path.ps1'
[0.556s] INFO:colcon.colcon_core.shell:Creating environment descriptor '/home/altair/Documents/saitou_ws/install/esp_radio_controlled_pkg/share/esp_radio_controlled_pkg/hook/ament_prefix_path.dsv'
[0.557s] INFO:colcon.colcon_core.shell:Creating environment hook '/home/altair/Documents/saitou_ws/install/esp_radio_controlled_pkg/share/esp_radio_controlled_pkg/hook/ament_prefix_path.sh'
[0.558s] INFO:colcon.colcon_core.shell:Skip shell extension 'powershell' for command environment: Not usable outside of PowerShell
[0.558s] DEBUG:colcon.colcon_core.shell:Skip shell extension 'dsv' for command environment
[0.843s] INFO:colcon.colcon_core.task.python.build:Building Python package in '/home/altair/Documents/saitou_ws/ros2_ws/src/esp_radio_controlled_pkg'
[0.843s] INFO:colcon.colcon_core.shell:Skip shell extension 'powershell' for command environment: Not usable outside of PowerShell
[0.843s] DEBUG:colcon.colcon_core.shell:Skip shell extension 'dsv' for command environment
[2.175s] DEBUG:colcon.colcon_core.event_handler.log_command:Invoking command in '/home/altair/Documents/saitou_ws/ros2_ws/src/esp_radio_controlled_pkg': PYTHONPATH=/home/altair/Documents/saitou_ws/build/esp_radio_controlled_pkg/prefix_override:/usr/lib/python3/dist-packages/colcon_core/task/python/colcon_distutils_commands:/home/altair/Documents/saitou_ws/install/esp_radio_controlled_pkg/lib/python3.10/site-packages:${PYTHONPATH} /usr/bin/python3 -W ignore:setup.py install is deprecated -W ignore:easy_install command is deprecated setup.py egg_info --egg-base ../../../build/esp_radio_controlled_pkg build --build-base /home/altair/Documents/saitou_ws/build/esp_radio_controlled_pkg/build install --record /home/altair/Documents/saitou_ws/build/esp_radio_controlled_pkg/install.log --single-version-externally-managed install_data
[2.964s] DEBUG:colcon.colcon_core.event_handler.log_command:Invoked command in '/home/altair/Documents/saitou_ws/ros2_ws/src/esp_radio_controlled_pkg' returned '0': PYTHONPATH=/home/altair/Documents/saitou_ws/build/esp_radio_controlled_pkg/prefix_override:/usr/lib/python3/dist-packages/colcon_core/task/python/colcon_distutils_commands:/home/altair/Documents/saitou_ws/install/esp_radio_controlled_pkg/lib/python3.10/site-packages:${PYTHONPATH} /usr/bin/python3 -W ignore:setup.py install is deprecated -W ignore:easy_install command is deprecated setup.py egg_info --egg-base ../../../build/esp_radio_controlled_pkg build --build-base /home/altair/Documents/saitou_ws/build/esp_radio_controlled_pkg/build install --record /home/altair/Documents/saitou_ws/build/esp_radio_controlled_pkg/install.log --single-version-externally-managed install_data
[2.970s] Level 1:colcon.colcon_core.environment:checking '/home/altair/Documents/saitou_ws/install/esp_radio_controlled_pkg' for CMake module files
[2.970s] Level 1:colcon.colcon_core.environment:checking '/home/altair/Documents/saitou_ws/install/esp_radio_controlled_pkg' for CMake config files
[2.971s] Level 1:colcon.colcon_core.environment:checking '/home/altair/Documents/saitou_ws/install/esp_radio_controlled_pkg/lib'
[2.971s] Level 1:colcon.colcon_core.environment:checking '/home/altair/Documents/saitou_ws/install/esp_radio_controlled_pkg/bin'
[2.971s] Level 1:colcon.colcon_core.environment:checking '/home/altair/Documents/saitou_ws/install/esp_radio_controlled_pkg/lib/pkgconfig/esp_radio_controlled_pkg.pc'
[2.972s] Level 1:colcon.colcon_core.environment:checking '/home/altair/Documents/saitou_ws/install/esp_radio_controlled_pkg/lib/python3.10/site-packages'
[2.972s] Level 1:colcon.colcon_core.shell:create_environment_hook('esp_radio_controlled_pkg', 'pythonpath')
[2.972s] INFO:colcon.colcon_core.shell:Creating environment hook '/home/altair/Documents/saitou_ws/install/esp_radio_controlled_pkg/share/esp_radio_controlled_pkg/hook/pythonpath.ps1'
[2.973s] INFO:colcon.colcon_core.shell:Creating environment descriptor '/home/altair/Documents/saitou_ws/install/esp_radio_controlled_pkg/share/esp_radio_controlled_pkg/hook/pythonpath.dsv'
[2.973s] INFO:colcon.colcon_core.shell:Creating environment hook '/home/altair/Documents/saitou_ws/install/esp_radio_controlled_pkg/share/esp_radio_controlled_pkg/hook/pythonpath.sh'
[2.974s] Level 1:colcon.colcon_core.environment:checking '/home/altair/Documents/saitou_ws/install/esp_radio_controlled_pkg/bin'
[2.974s] Level 1:colcon.colcon_core.environment:create_environment_scripts_only(esp_radio_controlled_pkg)
[2.974s] INFO:colcon.colcon_core.shell:Creating package script '/home/altair/Documents/saitou_ws/install/esp_radio_controlled_pkg/share/esp_radio_controlled_pkg/package.ps1'
[2.975s] INFO:colcon.colcon_core.shell:Creating package descriptor '/home/altair/Documents/saitou_ws/install/esp_radio_controlled_pkg/share/esp_radio_controlled_pkg/package.dsv'
[2.977s] INFO:colcon.colcon_core.shell:Creating package script '/home/altair/Documents/saitou_ws/install/esp_radio_controlled_pkg/share/esp_radio_controlled_pkg/package.sh'
[2.978s] INFO:colcon.colcon_core.shell:Creating package script '/home/altair/Documents/saitou_ws/install/esp_radio_controlled_pkg/share/esp_radio_controlled_pkg/package.bash'
[2.979s] INFO:colcon.colcon_core.shell:Creating package script '/home/altair/Documents/saitou_ws/install/esp_radio_controlled_pkg/share/esp_radio_controlled_pkg/package.zsh'
[2.980s] Level 1:colcon.colcon_core.environment:create_file_with_runtime_dependencies(/home/altair/Documents/saitou_ws/install/esp_radio_controlled_pkg/share/colcon-core/packages/esp_radio_controlled_pkg)
[2.980s] DEBUG:colcon.colcon_parallel_executor.executor.parallel:closing loop
[2.980s] DEBUG:colcon.colcon_parallel_executor.executor.parallel:loop closed
[2.980s] DEBUG:colcon.colcon_parallel_executor.executor.parallel:run_until_complete finished with '0'
[2.980s] DEBUG:colcon.colcon_core.event_reactor:joining thread
[2.991s] INFO:colcon.colcon_core.plugin_system:Skipping extension 'colcon_notification.desktop_notification.terminal_notifier': Not used on non-Darwin systems
[2.991s] INFO:colcon.colcon_core.plugin_system:Skipping extension 'colcon_notification.desktop_notification.win32': Not used on non-Windows systems
[2.991s] INFO:colcon.colcon_notification.desktop_notification:Sending desktop notification using 'notify2'
[3.010s] DEBUG:colcon.colcon_core.event_reactor:joined thread
[3.011s] INFO:colcon.colcon_core.shell:Creating prefix script '/home/altair/Documents/saitou_ws/install/local_setup.ps1'
[3.012s] INFO:colcon.colcon_core.shell:Creating prefix util module '/home/altair/Documents/saitou_ws/install/_local_setup_util_ps1.py'
[3.014s] INFO:colcon.colcon_core.shell:Creating prefix chain script '/home/altair/Documents/saitou_ws/install/setup.ps1'
[3.016s] INFO:colcon.colcon_core.shell:Creating prefix script '/home/altair/Documents/saitou_ws/install/local_setup.sh'
[3.017s] INFO:colcon.colcon_core.shell:Creating prefix util module '/home/altair/Documents/saitou_ws/install/_local_setup_util_sh.py'
[3.018s] INFO:colcon.colcon_core.shell:Creating prefix chain script '/home/altair/Documents/saitou_ws/install/setup.sh'
[3.019s] INFO:colcon.colcon_core.shell:Creating prefix script '/home/altair/Documents/saitou_ws/install/local_setup.bash'
[3.020s] INFO:colcon.colcon_core.shell:Creating prefix chain script '/home/altair/Documents/saitou_ws/install/setup.bash'
[3.022s] INFO:colcon.colcon_core.shell:Creating prefix script '/home/altair/Documents/saitou_ws/install/local_setup.zsh'
[3.023s] INFO:colcon.colcon_core.shell:Creating prefix chain script '/home/altair/Documents/saitou_ws/install/setup.zsh'
