[0.740s] Invoking command in '/home/altair/Documents/saitou_ws/ros2_ws/src/esp_radio_controlled_pkg': PYTHONPATH=/home/altair/Documents/saitou_ws/ros2_ws/build/esp_radio_controlled_pkg/prefix_override:/usr/lib/python3/dist-packages/colcon_core/task/python/colcon_distutils_commands:/home/altair/Documents/saitou_ws/ros2_ws/install/esp_radio_controlled_pkg/lib/python3.10/site-packages:${PYTHONPATH} /usr/bin/python3 -W ignore:setup.py install is deprecated -W ignore:easy_install command is deprecated setup.py egg_info --egg-base ../../build/esp_radio_controlled_pkg build --build-base /home/altair/Documents/saitou_ws/ros2_ws/build/esp_radio_controlled_pkg/build install --record /home/altair/Documents/saitou_ws/ros2_ws/build/esp_radio_controlled_pkg/install.log --single-version-externally-managed install_data
[1.011s] running egg_info
[1.012s] creating ../../build/esp_radio_controlled_pkg/esp_radio_controlled_pkg.egg-info
[1.012s] writing ../../build/esp_radio_controlled_pkg/esp_radio_controlled_pkg.egg-info/PKG-INFO
[1.012s] writing dependency_links to ../../build/esp_radio_controlled_pkg/esp_radio_controlled_pkg.egg-info/dependency_links.txt
[1.012s] writing entry points to ../../build/esp_radio_controlled_pkg/esp_radio_controlled_pkg.egg-info/entry_points.txt
[1.012s] writing requirements to ../../build/esp_radio_controlled_pkg/esp_radio_controlled_pkg.egg-info/requires.txt
[1.012s] writing top-level names to ../../build/esp_radio_controlled_pkg/esp_radio_controlled_pkg.egg-info/top_level.txt
[1.013s] writing manifest file '../../build/esp_radio_controlled_pkg/esp_radio_controlled_pkg.egg-info/SOURCES.txt'
[1.014s] reading manifest file '../../build/esp_radio_controlled_pkg/esp_radio_controlled_pkg.egg-info/SOURCES.txt'
[1.015s] writing manifest file '../../build/esp_radio_controlled_pkg/esp_radio_controlled_pkg.egg-info/SOURCES.txt'
[1.015s] running build
[1.016s] running build_py
[1.016s] creating /home/altair/Documents/saitou_ws/ros2_ws/build/esp_radio_controlled_pkg/build
[1.016s] creating /home/altair/Documents/saitou_ws/ros2_ws/build/esp_radio_controlled_pkg/build/lib
[1.016s] creating /home/altair/Documents/saitou_ws/ros2_ws/build/esp_radio_controlled_pkg/build/lib/esp_radio_controlled_pkg
[1.016s] copying esp_radio_controlled_pkg/image_reception_node.py -> /home/altair/Documents/saitou_ws/ros2_ws/build/esp_radio_controlled_pkg/build/lib/esp_radio_controlled_pkg
[1.016s] copying esp_radio_controlled_pkg/__init__.py -> /home/altair/Documents/saitou_ws/ros2_ws/build/esp_radio_controlled_pkg/build/lib/esp_radio_controlled_pkg
[1.016s] running install
[1.016s] running install_lib
[1.017s] creating /home/altair/Documents/saitou_ws/ros2_ws/install/esp_radio_controlled_pkg/lib/python3.10/site-packages/esp_radio_controlled_pkg
[1.017s] copying /home/altair/Documents/saitou_ws/ros2_ws/build/esp_radio_controlled_pkg/build/lib/esp_radio_controlled_pkg/image_reception_node.py -> /home/altair/Documents/saitou_ws/ros2_ws/install/esp_radio_controlled_pkg/lib/python3.10/site-packages/esp_radio_controlled_pkg
[1.017s] copying /home/altair/Documents/saitou_ws/ros2_ws/build/esp_radio_controlled_pkg/build/lib/esp_radio_controlled_pkg/__init__.py -> /home/altair/Documents/saitou_ws/ros2_ws/install/esp_radio_controlled_pkg/lib/python3.10/site-packages/esp_radio_controlled_pkg
[1.018s] byte-compiling /home/altair/Documents/saitou_ws/ros2_ws/install/esp_radio_controlled_pkg/lib/python3.10/site-packages/esp_radio_controlled_pkg/image_reception_node.py to image_reception_node.cpython-310.pyc
[1.018s] byte-compiling /home/altair/Documents/saitou_ws/ros2_ws/install/esp_radio_controlled_pkg/lib/python3.10/site-packages/esp_radio_controlled_pkg/__init__.py to __init__.cpython-310.pyc
[1.018s] running install_data
[1.018s] creating /home/altair/Documents/saitou_ws/ros2_ws/install/esp_radio_controlled_pkg/share/ament_index
[1.018s] creating /home/altair/Documents/saitou_ws/ros2_ws/install/esp_radio_controlled_pkg/share/ament_index/resource_index
[1.019s] creating /home/altair/Documents/saitou_ws/ros2_ws/install/esp_radio_controlled_pkg/share/ament_index/resource_index/packages
[1.019s] copying resource/esp_radio_controlled_pkg -> /home/altair/Documents/saitou_ws/ros2_ws/install/esp_radio_controlled_pkg/share/ament_index/resource_index/packages
[1.019s] copying package.xml -> /home/altair/Documents/saitou_ws/ros2_ws/install/esp_radio_controlled_pkg/share/esp_radio_controlled_pkg
[1.019s] running install_egg_info
[1.021s] Copying ../../build/esp_radio_controlled_pkg/esp_radio_controlled_pkg.egg-info to /home/altair/Documents/saitou_ws/ros2_ws/install/esp_radio_controlled_pkg/lib/python3.10/site-packages/esp_radio_controlled_pkg-0.0.0-py3.10.egg-info
[1.022s] running install_scripts
[1.043s] Installing image_reception_node script to /home/altair/Documents/saitou_ws/ros2_ws/install/esp_radio_controlled_pkg/lib/esp_radio_controlled_pkg
[1.043s] writing list of installed files to '/home/altair/Documents/saitou_ws/ros2_ws/build/esp_radio_controlled_pkg/install.log'
[1.065s] Invoked command in '/home/altair/Documents/saitou_ws/ros2_ws/src/esp_radio_controlled_pkg' returned '0': PYTHONPATH=/home/altair/Documents/saitou_ws/ros2_ws/build/esp_radio_controlled_pkg/prefix_override:/usr/lib/python3/dist-packages/colcon_core/task/python/colcon_distutils_commands:/home/altair/Documents/saitou_ws/ros2_ws/install/esp_radio_controlled_pkg/lib/python3.10/site-packages:${PYTHONPATH} /usr/bin/python3 -W ignore:setup.py install is deprecated -W ignore:easy_install command is deprecated setup.py egg_info --egg-base ../../build/esp_radio_controlled_pkg build --build-base /home/altair/Documents/saitou_ws/ros2_ws/build/esp_radio_controlled_pkg/build install --record /home/altair/Documents/saitou_ws/ros2_ws/build/esp_radio_controlled_pkg/install.log --single-version-externally-managed install_data
