running egg_info
writing ../../../build/esp_radio_controlled_pkg/esp_radio_controlled_pkg.egg-info/PKG-INFO
writing dependency_links to ../../../build/esp_radio_controlled_pkg/esp_radio_controlled_pkg.egg-info/dependency_links.txt
writing entry points to ../../../build/esp_radio_controlled_pkg/esp_radio_controlled_pkg.egg-info/entry_points.txt
writing requirements to ../../../build/esp_radio_controlled_pkg/esp_radio_controlled_pkg.egg-info/requires.txt
writing top-level names to ../../../build/esp_radio_controlled_pkg/esp_radio_controlled_pkg.egg-info/top_level.txt
writing manifest file '../../../build/esp_radio_controlled_pkg/esp_radio_controlled_pkg.egg-info/SOURCES.txt'
reading manifest file '../../../build/esp_radio_controlled_pkg/esp_radio_controlled_pkg.egg-info/SOURCES.txt'
writing manifest file '../../../build/esp_radio_controlled_pkg/esp_radio_controlled_pkg.egg-info/SOURCES.txt'
running build
running build_py
copying esp_radio_controlled_pkg/image_reception_node.py -> /home/altair/Documents/saitou_ws/build/esp_radio_controlled_pkg/build/lib/esp_radio_controlled_pkg
copying esp_radio_controlled_pkg/control_node.py -> /home/altair/Documents/saitou_ws/build/esp_radio_controlled_pkg/build/lib/esp_radio_controlled_pkg
copying esp_radio_controlled_pkg/__init__.py -> /home/altair/Documents/saitou_ws/build/esp_radio_controlled_pkg/build/lib/esp_radio_controlled_pkg
running install
running install_lib
copying /home/altair/Documents/saitou_ws/build/esp_radio_controlled_pkg/build/lib/esp_radio_controlled_pkg/image_reception_node.py -> /home/altair/Documents/saitou_ws/install/esp_radio_controlled_pkg/lib/python3.10/site-packages/esp_radio_controlled_pkg
copying /home/altair/Documents/saitou_ws/build/esp_radio_controlled_pkg/build/lib/esp_radio_controlled_pkg/control_node.py -> /home/altair/Documents/saitou_ws/install/esp_radio_controlled_pkg/lib/python3.10/site-packages/esp_radio_controlled_pkg
copying /home/altair/Documents/saitou_ws/build/esp_radio_controlled_pkg/build/lib/esp_radio_controlled_pkg/__init__.py -> /home/altair/Documents/saitou_ws/install/esp_radio_controlled_pkg/lib/python3.10/site-packages/esp_radio_controlled_pkg
byte-compiling /home/altair/Documents/saitou_ws/install/esp_radio_controlled_pkg/lib/python3.10/site-packages/esp_radio_controlled_pkg/image_reception_node.py to image_reception_node.cpython-310.pyc
byte-compiling /home/altair/Documents/saitou_ws/install/esp_radio_controlled_pkg/lib/python3.10/site-packages/esp_radio_controlled_pkg/control_node.py to control_node.cpython-310.pyc
byte-compiling /home/altair/Documents/saitou_ws/install/esp_radio_controlled_pkg/lib/python3.10/site-packages/esp_radio_controlled_pkg/__init__.py to __init__.cpython-310.pyc
running install_data
copying resource/esp_radio_controlled_pkg -> /home/altair/Documents/saitou_ws/install/esp_radio_controlled_pkg/share/ament_index/resource_index/packages
copying package.xml -> /home/altair/Documents/saitou_ws/install/esp_radio_controlled_pkg/share/esp_radio_controlled_pkg
running install_egg_info
removing '/home/altair/Documents/saitou_ws/install/esp_radio_controlled_pkg/lib/python3.10/site-packages/esp_radio_controlled_pkg-0.0.0-py3.10.egg-info' (and everything under it)
Copying ../../../build/esp_radio_controlled_pkg/esp_radio_controlled_pkg.egg-info to /home/altair/Documents/saitou_ws/install/esp_radio_controlled_pkg/lib/python3.10/site-packages/esp_radio_controlled_pkg-0.0.0-py3.10.egg-info
running install_scripts
Installing control_node script to /home/altair/Documents/saitou_ws/install/esp_radio_controlled_pkg/lib/esp_radio_controlled_pkg
Installing image_reception_node script to /home/altair/Documents/saitou_ws/install/esp_radio_controlled_pkg/lib/esp_radio_controlled_pkg
writing list of installed files to '/home/altair/Documents/saitou_ws/build/esp_radio_controlled_pkg/install.log'
