[0.831s] Invoking command in '/home/altair/Documents/saitou_ws/ros2_ws/src/esp_radio_controlled_pkg': PYTHONPATH=/home/altair/Documents/saitou_ws/build/esp_radio_controlled_pkg/prefix_override:/usr/lib/python3/dist-packages/colcon_core/task/python/colcon_distutils_commands:/home/altair/Documents/saitou_ws/install/esp_radio_controlled_pkg/lib/python3.10/site-packages:${PYTHONPATH} /usr/bin/python3 -W ignore:setup.py install is deprecated -W ignore:easy_install command is deprecated setup.py egg_info --egg-base ../../../build/esp_radio_controlled_pkg build --build-base /home/altair/Documents/saitou_ws/build/esp_radio_controlled_pkg/build install --record /home/altair/Documents/saitou_ws/build/esp_radio_controlled_pkg/install.log --single-version-externally-managed install_data
[1.123s] running egg_info
[1.124s] writing ../../../build/esp_radio_controlled_pkg/esp_radio_controlled_pkg.egg-info/PKG-INFO
[1.124s] writing dependency_links to ../../../build/esp_radio_controlled_pkg/esp_radio_controlled_pkg.egg-info/dependency_links.txt
[1.124s] writing entry points to ../../../build/esp_radio_controlled_pkg/esp_radio_controlled_pkg.egg-info/entry_points.txt
[1.124s] writing requirements to ../../../build/esp_radio_controlled_pkg/esp_radio_controlled_pkg.egg-info/requires.txt
[1.124s] writing top-level names to ../../../build/esp_radio_controlled_pkg/esp_radio_controlled_pkg.egg-info/top_level.txt
[1.124s] writing manifest file '../../../build/esp_radio_controlled_pkg/esp_radio_controlled_pkg.egg-info/SOURCES.txt'
[1.126s] reading manifest file '../../../build/esp_radio_controlled_pkg/esp_radio_controlled_pkg.egg-info/SOURCES.txt'
[1.127s] writing manifest file '../../../build/esp_radio_controlled_pkg/esp_radio_controlled_pkg.egg-info/SOURCES.txt'
[1.127s] running build
[1.127s] running build_py
[1.127s] copying esp_radio_controlled_pkg/image_reception_node.py -> /home/altair/Documents/saitou_ws/build/esp_radio_controlled_pkg/build/lib/esp_radio_controlled_pkg
[1.127s] copying esp_radio_controlled_pkg/control_node.py -> /home/altair/Documents/saitou_ws/build/esp_radio_controlled_pkg/build/lib/esp_radio_controlled_pkg
[1.128s] copying esp_radio_controlled_pkg/__init__.py -> /home/altair/Documents/saitou_ws/build/esp_radio_controlled_pkg/build/lib/esp_radio_controlled_pkg
[1.128s] running install
[1.128s] running install_lib
[1.129s] copying /home/altair/Documents/saitou_ws/build/esp_radio_controlled_pkg/build/lib/esp_radio_controlled_pkg/image_reception_node.py -> /home/altair/Documents/saitou_ws/install/esp_radio_controlled_pkg/lib/python3.10/site-packages/esp_radio_controlled_pkg
[1.129s] copying /home/altair/Documents/saitou_ws/build/esp_radio_controlled_pkg/build/lib/esp_radio_controlled_pkg/control_node.py -> /home/altair/Documents/saitou_ws/install/esp_radio_controlled_pkg/lib/python3.10/site-packages/esp_radio_controlled_pkg
[1.129s] copying /home/altair/Documents/saitou_ws/build/esp_radio_controlled_pkg/build/lib/esp_radio_controlled_pkg/__init__.py -> /home/altair/Documents/saitou_ws/install/esp_radio_controlled_pkg/lib/python3.10/site-packages/esp_radio_controlled_pkg
[1.130s] byte-compiling /home/altair/Documents/saitou_ws/install/esp_radio_controlled_pkg/lib/python3.10/site-packages/esp_radio_controlled_pkg/image_reception_node.py to image_reception_node.cpython-310.pyc
[1.131s] byte-compiling /home/altair/Documents/saitou_ws/install/esp_radio_controlled_pkg/lib/python3.10/site-packages/esp_radio_controlled_pkg/control_node.py to control_node.cpython-310.pyc
[1.132s] byte-compiling /home/altair/Documents/saitou_ws/install/esp_radio_controlled_pkg/lib/python3.10/site-packages/esp_radio_controlled_pkg/__init__.py to __init__.cpython-310.pyc
[1.132s] running install_data
[1.132s] copying resource/esp_radio_controlled_pkg -> /home/altair/Documents/saitou_ws/install/esp_radio_controlled_pkg/share/ament_index/resource_index/packages
[1.132s] copying package.xml -> /home/altair/Documents/saitou_ws/install/esp_radio_controlled_pkg/share/esp_radio_controlled_pkg
[1.133s] running install_egg_info
[1.135s] removing '/home/altair/Documents/saitou_ws/install/esp_radio_controlled_pkg/lib/python3.10/site-packages/esp_radio_controlled_pkg-0.0.0-py3.10.egg-info' (and everything under it)
[1.135s] Copying ../../../build/esp_radio_controlled_pkg/esp_radio_controlled_pkg.egg-info to /home/altair/Documents/saitou_ws/install/esp_radio_controlled_pkg/lib/python3.10/site-packages/esp_radio_controlled_pkg-0.0.0-py3.10.egg-info
[1.136s] running install_scripts
[1.158s] Installing control_node script to /home/altair/Documents/saitou_ws/install/esp_radio_controlled_pkg/lib/esp_radio_controlled_pkg
[1.158s] Installing image_reception_node script to /home/altair/Documents/saitou_ws/install/esp_radio_controlled_pkg/lib/esp_radio_controlled_pkg
[1.159s] writing list of installed files to '/home/altair/Documents/saitou_ws/build/esp_radio_controlled_pkg/install.log'
[1.184s] Invoked command in '/home/altair/Documents/saitou_ws/ros2_ws/src/esp_radio_controlled_pkg' returned '0': PYTHONPATH=/home/altair/Documents/saitou_ws/build/esp_radio_controlled_pkg/prefix_override:/usr/lib/python3/dist-packages/colcon_core/task/python/colcon_distutils_commands:/home/altair/Documents/saitou_ws/install/esp_radio_controlled_pkg/lib/python3.10/site-packages:${PYTHONPATH} /usr/bin/python3 -W ignore:setup.py install is deprecated -W ignore:easy_install command is deprecated setup.py egg_info --egg-base ../../../build/esp_radio_controlled_pkg build --build-base /home/altair/Documents/saitou_ws/build/esp_radio_controlled_pkg/build install --record /home/altair/Documents/saitou_ws/build/esp_radio_controlled_pkg/install.log --single-version-externally-managed install_data
