[2.778s] Invoking command in '/home/altair/Documents/saitou_ws/ros2_ws/src/esp_radio_controlled_pkg': PYTHONPATH=/home/altair/Documents/saitou_ws/ros2_ws/build/esp_radio_controlled_pkg/prefix_override:/usr/lib/python3/dist-packages/colcon_core/task/python/colcon_distutils_commands:/home/altair/Documents/saitou_ws/ros2_ws/install/esp_radio_controlled_pkg/lib/python3.10/site-packages:${PYTHONPATH} /usr/bin/python3 -W ignore:setup.py install is deprecated -W ignore:easy_install command is deprecated setup.py egg_info --egg-base ../../build/esp_radio_controlled_pkg build --build-base /home/altair/Documents/saitou_ws/ros2_ws/build/esp_radio_controlled_pkg/build install --record /home/altair/Documents/saitou_ws/ros2_ws/build/esp_radio_controlled_pkg/install.log --single-version-externally-managed install_data
[3.255s] running egg_info
[3.301s] writing ../../build/esp_radio_controlled_pkg/esp_radio_controlled_pkg.egg-info/PKG-INFO
[3.301s] writing dependency_links to ../../build/esp_radio_controlled_pkg/esp_radio_controlled_pkg.egg-info/dependency_links.txt
[3.302s] writing entry points to ../../build/esp_radio_controlled_pkg/esp_radio_controlled_pkg.egg-info/entry_points.txt
[3.302s] writing requirements to ../../build/esp_radio_controlled_pkg/esp_radio_controlled_pkg.egg-info/requires.txt
[3.302s] writing top-level names to ../../build/esp_radio_controlled_pkg/esp_radio_controlled_pkg.egg-info/top_level.txt
[3.380s] reading manifest file '../../build/esp_radio_controlled_pkg/esp_radio_controlled_pkg.egg-info/SOURCES.txt'
[3.382s] writing manifest file '../../build/esp_radio_controlled_pkg/esp_radio_controlled_pkg.egg-info/SOURCES.txt'
[3.382s] running build
[3.382s] running build_py
[3.382s] copying esp_radio_controlled_pkg/__init__.py -> /home/altair/Documents/saitou_ws/ros2_ws/build/esp_radio_controlled_pkg/build/lib/esp_radio_controlled_pkg
[3.382s] copying esp_radio_controlled_pkg/image_reception_node.py -> /home/altair/Documents/saitou_ws/ros2_ws/build/esp_radio_controlled_pkg/build/lib/esp_radio_controlled_pkg
[3.383s] copying esp_radio_controlled_pkg/control_node.py -> /home/altair/Documents/saitou_ws/ros2_ws/build/esp_radio_controlled_pkg/build/lib/esp_radio_controlled_pkg
[3.383s] running install
[3.388s] running install_lib
[3.418s] copying /home/altair/Documents/saitou_ws/ros2_ws/build/esp_radio_controlled_pkg/build/lib/esp_radio_controlled_pkg/image_reception_node.py -> /home/altair/Documents/saitou_ws/ros2_ws/install/esp_radio_controlled_pkg/lib/python3.10/site-packages/esp_radio_controlled_pkg
[3.419s] byte-compiling /home/altair/Documents/saitou_ws/ros2_ws/install/esp_radio_controlled_pkg/lib/python3.10/site-packages/esp_radio_controlled_pkg/image_reception_node.py to image_reception_node.cpython-310.pyc
[3.420s] running install_data
[3.421s] copying resource/esp_radio_controlled_pkg -> /home/altair/Documents/saitou_ws/ros2_ws/install/esp_radio_controlled_pkg/share/ament_index/resource_index/packages
[3.421s] copying package.xml -> /home/altair/Documents/saitou_ws/ros2_ws/install/esp_radio_controlled_pkg/share/esp_radio_controlled_pkg
[3.421s] running install_egg_info
[3.480s] removing '/home/altair/Documents/saitou_ws/ros2_ws/install/esp_radio_controlled_pkg/lib/python3.10/site-packages/esp_radio_controlled_pkg-0.0.0-py3.10.egg-info' (and everything under it)
[3.480s] Copying ../../build/esp_radio_controlled_pkg/esp_radio_controlled_pkg.egg-info to /home/altair/Documents/saitou_ws/ros2_ws/install/esp_radio_controlled_pkg/lib/python3.10/site-packages/esp_radio_controlled_pkg-0.0.0-py3.10.egg-info
[3.481s] running install_scripts
[3.769s] Installing control_node script to /home/altair/Documents/saitou_ws/ros2_ws/install/esp_radio_controlled_pkg/lib/esp_radio_controlled_pkg
[3.769s] Installing image_reception_node script to /home/altair/Documents/saitou_ws/ros2_ws/install/esp_radio_controlled_pkg/lib/esp_radio_controlled_pkg
[3.769s] writing list of installed files to '/home/altair/Documents/saitou_ws/ros2_ws/build/esp_radio_controlled_pkg/install.log'
[3.798s] Invoked command in '/home/altair/Documents/saitou_ws/ros2_ws/src/esp_radio_controlled_pkg' returned '0': PYTHONPATH=/home/altair/Documents/saitou_ws/ros2_ws/build/esp_radio_controlled_pkg/prefix_override:/usr/lib/python3/dist-packages/colcon_core/task/python/colcon_distutils_commands:/home/altair/Documents/saitou_ws/ros2_ws/install/esp_radio_controlled_pkg/lib/python3.10/site-packages:${PYTHONPATH} /usr/bin/python3 -W ignore:setup.py install is deprecated -W ignore:easy_install command is deprecated setup.py egg_info --egg-base ../../build/esp_radio_controlled_pkg build --build-base /home/altair/Documents/saitou_ws/ros2_ws/build/esp_radio_controlled_pkg/build install --record /home/altair/Documents/saitou_ws/ros2_ws/build/esp_radio_controlled_pkg/install.log --single-version-externally-managed install_data
