[4.888s] Invoking command in '/home/altair/Documents/saitou_ws/ros2_ws/src/esp_radio_controlled_pkg': PYTHONPATH=/home/altair/Documents/saitou_ws/ros2_ws/build/esp_radio_controlled_pkg/prefix_override:/usr/lib/python3/dist-packages/colcon_core/task/python/colcon_distutils_commands:/home/altair/Documents/saitou_ws/ros2_ws/install/esp_radio_controlled_pkg/lib/python3.10/site-packages:${PYTHONPATH} /usr/bin/python3 -W ignore:setup.py install is deprecated -W ignore:easy_install command is deprecated setup.py egg_info --egg-base ../../build/esp_radio_controlled_pkg build --build-base /home/altair/Documents/saitou_ws/ros2_ws/build/esp_radio_controlled_pkg/build install --record /home/altair/Documents/saitou_ws/ros2_ws/build/esp_radio_controlled_pkg/install.log --single-version-externally-managed install_data
[5.933s] running egg_info
[6.066s] writing ../../build/esp_radio_controlled_pkg/esp_radio_controlled_pkg.egg-info/PKG-INFO
[6.067s] writing dependency_links to ../../build/esp_radio_controlled_pkg/esp_radio_controlled_pkg.egg-info/dependency_links.txt
[6.067s] writing entry points to ../../build/esp_radio_controlled_pkg/esp_radio_controlled_pkg.egg-info/entry_points.txt
[6.068s] writing requirements to ../../build/esp_radio_controlled_pkg/esp_radio_controlled_pkg.egg-info/requires.txt
[6.068s] writing top-level names to ../../build/esp_radio_controlled_pkg/esp_radio_controlled_pkg.egg-info/top_level.txt
[6.265s] reading manifest file '../../build/esp_radio_controlled_pkg/esp_radio_controlled_pkg.egg-info/SOURCES.txt'
[6.280s] writing manifest file '../../build/esp_radio_controlled_pkg/esp_radio_controlled_pkg.egg-info/SOURCES.txt'
[6.281s] running build
[6.282s] running build_py
[6.284s] copying esp_radio_controlled_pkg/__init__.py -> /home/altair/Documents/saitou_ws/ros2_ws/build/esp_radio_controlled_pkg/build/lib/esp_radio_controlled_pkg
[6.285s] copying esp_radio_controlled_pkg/image_reception_node.py -> /home/altair/Documents/saitou_ws/ros2_ws/build/esp_radio_controlled_pkg/build/lib/esp_radio_controlled_pkg
[6.288s] copying esp_radio_controlled_pkg/control_node.py -> /home/altair/Documents/saitou_ws/ros2_ws/build/esp_radio_controlled_pkg/build/lib/esp_radio_controlled_pkg
[6.292s] running install
[6.348s] running install_lib
[6.437s] copying /home/altair/Documents/saitou_ws/ros2_ws/build/esp_radio_controlled_pkg/build/lib/esp_radio_controlled_pkg/image_reception_node.py -> /home/altair/Documents/saitou_ws/ros2_ws/install/esp_radio_controlled_pkg/lib/python3.10/site-packages/esp_radio_controlled_pkg
[6.438s] byte-compiling /home/altair/Documents/saitou_ws/ros2_ws/install/esp_radio_controlled_pkg/lib/python3.10/site-packages/esp_radio_controlled_pkg/image_reception_node.py to image_reception_node.cpython-310.pyc
[6.439s] running install_data
[6.439s] copying resource/esp_radio_controlled_pkg -> /home/altair/Documents/saitou_ws/ros2_ws/install/esp_radio_controlled_pkg/share/ament_index/resource_index/packages
[6.440s] copying package.xml -> /home/altair/Documents/saitou_ws/ros2_ws/install/esp_radio_controlled_pkg/share/esp_radio_controlled_pkg
[6.440s] running install_egg_info
[6.576s] removing '/home/altair/Documents/saitou_ws/ros2_ws/install/esp_radio_controlled_pkg/lib/python3.10/site-packages/esp_radio_controlled_pkg-0.0.0-py3.10.egg-info' (and everything under it)
[6.576s] Copying ../../build/esp_radio_controlled_pkg/esp_radio_controlled_pkg.egg-info to /home/altair/Documents/saitou_ws/ros2_ws/install/esp_radio_controlled_pkg/lib/python3.10/site-packages/esp_radio_controlled_pkg-0.0.0-py3.10.egg-info
[6.577s] running install_scripts
[7.288s] Installing control_node script to /home/altair/Documents/saitou_ws/ros2_ws/install/esp_radio_controlled_pkg/lib/esp_radio_controlled_pkg
[7.289s] Installing image_reception_node script to /home/altair/Documents/saitou_ws/ros2_ws/install/esp_radio_controlled_pkg/lib/esp_radio_controlled_pkg
[7.290s] writing list of installed files to '/home/altair/Documents/saitou_ws/ros2_ws/build/esp_radio_controlled_pkg/install.log'
[7.482s] Invoked command in '/home/altair/Documents/saitou_ws/ros2_ws/src/esp_radio_controlled_pkg' returned '0': PYTHONPATH=/home/altair/Documents/saitou_ws/ros2_ws/build/esp_radio_controlled_pkg/prefix_override:/usr/lib/python3/dist-packages/colcon_core/task/python/colcon_distutils_commands:/home/altair/Documents/saitou_ws/ros2_ws/install/esp_radio_controlled_pkg/lib/python3.10/site-packages:${PYTHONPATH} /usr/bin/python3 -W ignore:setup.py install is deprecated -W ignore:easy_install command is deprecated setup.py egg_info --egg-base ../../build/esp_radio_controlled_pkg build --build-base /home/altair/Documents/saitou_ws/ros2_ws/build/esp_radio_controlled_pkg/build install --record /home/altair/Documents/saitou_ws/ros2_ws/build/esp_radio_controlled_pkg/install.log --single-version-externally-managed install_data
