[1.728s] Invoking command in '/home/altair/Documents/saitou_ws/ros2_ws/src/esp_radio_controlled_pkg': PYTHONPATH=/home/altair/Documents/saitou_ws/build/esp_radio_controlled_pkg/prefix_override:/usr/lib/python3/dist-packages/colcon_core/task/python/colcon_distutils_commands:/home/altair/Documents/saitou_ws/install/esp_radio_controlled_pkg/lib/python3.10/site-packages:${PYTHONPATH} /usr/bin/python3 -W ignore:setup.py install is deprecated -W ignore:easy_install command is deprecated setup.py egg_info --egg-base ../../../build/esp_radio_controlled_pkg build --build-base /home/altair/Documents/saitou_ws/build/esp_radio_controlled_pkg/build install --record /home/altair/Documents/saitou_ws/build/esp_radio_controlled_pkg/install.log --single-version-externally-managed install_data
[2.256s] running egg_info
[2.295s] writing ../../../build/esp_radio_controlled_pkg/esp_radio_controlled_pkg.egg-info/PKG-INFO
[2.296s] writing dependency_links to ../../../build/esp_radio_controlled_pkg/esp_radio_controlled_pkg.egg-info/dependency_links.txt
[2.296s] writing entry points to ../../../build/esp_radio_controlled_pkg/esp_radio_controlled_pkg.egg-info/entry_points.txt
[2.297s] writing requirements to ../../../build/esp_radio_controlled_pkg/esp_radio_controlled_pkg.egg-info/requires.txt
[2.297s] writing top-level names to ../../../build/esp_radio_controlled_pkg/esp_radio_controlled_pkg.egg-info/top_level.txt
[2.370s] reading manifest file '../../../build/esp_radio_controlled_pkg/esp_radio_controlled_pkg.egg-info/SOURCES.txt'
[2.372s] writing manifest file '../../../build/esp_radio_controlled_pkg/esp_radio_controlled_pkg.egg-info/SOURCES.txt'
[2.372s] running build
[2.372s] running build_py
[2.372s] copying esp_radio_controlled_pkg/control_node.py -> /home/altair/Documents/saitou_ws/build/esp_radio_controlled_pkg/build/lib/esp_radio_controlled_pkg
[2.373s] running install
[2.381s] running install_lib
[2.417s] running install_data
[2.417s] running install_egg_info
[2.462s] removing '/home/altair/Documents/saitou_ws/install/esp_radio_controlled_pkg/lib/python3.10/site-packages/esp_radio_controlled_pkg-0.0.0-py3.10.egg-info' (and everything under it)
[2.462s] Copying ../../../build/esp_radio_controlled_pkg/esp_radio_controlled_pkg.egg-info to /home/altair/Documents/saitou_ws/install/esp_radio_controlled_pkg/lib/python3.10/site-packages/esp_radio_controlled_pkg-0.0.0-py3.10.egg-info
[2.464s] running install_scripts
[2.734s] Installing control_node script to /home/altair/Documents/saitou_ws/install/esp_radio_controlled_pkg/lib/esp_radio_controlled_pkg
[2.734s] Installing image_reception_node script to /home/altair/Documents/saitou_ws/install/esp_radio_controlled_pkg/lib/esp_radio_controlled_pkg
[2.734s] writing list of installed files to '/home/altair/Documents/saitou_ws/build/esp_radio_controlled_pkg/install.log'
[2.778s] Invoked command in '/home/altair/Documents/saitou_ws/ros2_ws/src/esp_radio_controlled_pkg' returned '0': PYTHONPATH=/home/altair/Documents/saitou_ws/build/esp_radio_controlled_pkg/prefix_override:/usr/lib/python3/dist-packages/colcon_core/task/python/colcon_distutils_commands:/home/altair/Documents/saitou_ws/install/esp_radio_controlled_pkg/lib/python3.10/site-packages:${PYTHONPATH} /usr/bin/python3 -W ignore:setup.py install is deprecated -W ignore:easy_install command is deprecated setup.py egg_info --egg-base ../../../build/esp_radio_controlled_pkg build --build-base /home/altair/Documents/saitou_ws/build/esp_radio_controlled_pkg/build install --record /home/altair/Documents/saitou_ws/build/esp_radio_controlled_pkg/install.log --single-version-externally-managed install_data
