[1.621s] Invoking command in '/home/altair/Documents/saitou_ws/ros2_ws/src/esp_radio_controlled_pkg': PYTHONPATH=/home/altair/Documents/saitou_ws/build/esp_radio_controlled_pkg/prefix_override:/usr/lib/python3/dist-packages/colcon_core/task/python/colcon_distutils_commands:/home/altair/Documents/saitou_ws/install/esp_radio_controlled_pkg/lib/python3.10/site-packages:${PYTHONPATH} /usr/bin/python3 -W ignore:setup.py install is deprecated -W ignore:easy_install command is deprecated setup.py egg_info --egg-base ../../../build/esp_radio_controlled_pkg build --build-base /home/altair/Documents/saitou_ws/build/esp_radio_controlled_pkg/build install --record /home/altair/Documents/saitou_ws/build/esp_radio_controlled_pkg/install.log --single-version-externally-managed install_data
[2.012s] running egg_info
[2.041s] writing ../../../build/esp_radio_controlled_pkg/esp_radio_controlled_pkg.egg-info/PKG-INFO
[2.042s] writing dependency_links to ../../../build/esp_radio_controlled_pkg/esp_radio_controlled_pkg.egg-info/dependency_links.txt
[2.042s] writing entry points to ../../../build/esp_radio_controlled_pkg/esp_radio_controlled_pkg.egg-info/entry_points.txt
[2.042s] writing requirements to ../../../build/esp_radio_controlled_pkg/esp_radio_controlled_pkg.egg-info/requires.txt
[2.042s] writing top-level names to ../../../build/esp_radio_controlled_pkg/esp_radio_controlled_pkg.egg-info/top_level.txt
[2.100s] reading manifest file '../../../build/esp_radio_controlled_pkg/esp_radio_controlled_pkg.egg-info/SOURCES.txt'
[2.101s] writing manifest file '../../../build/esp_radio_controlled_pkg/esp_radio_controlled_pkg.egg-info/SOURCES.txt'
[2.102s] running build
[2.102s] running build_py
[2.102s] copying esp_radio_controlled_pkg/control_node.py -> /home/altair/Documents/saitou_ws/build/esp_radio_controlled_pkg/build/lib/esp_radio_controlled_pkg
[2.102s] running install
[2.108s] running install_lib
[2.137s] copying /home/altair/Documents/saitou_ws/build/esp_radio_controlled_pkg/build/lib/esp_radio_controlled_pkg/control_node.py -> /home/altair/Documents/saitou_ws/install/esp_radio_controlled_pkg/lib/python3.10/site-packages/esp_radio_controlled_pkg
[2.138s] byte-compiling /home/altair/Documents/saitou_ws/install/esp_radio_controlled_pkg/lib/python3.10/site-packages/esp_radio_controlled_pkg/control_node.py to control_node.cpython-310.pyc
[2.139s] running install_data
[2.139s] running install_egg_info
[2.168s] removing '/home/altair/Documents/saitou_ws/install/esp_radio_controlled_pkg/lib/python3.10/site-packages/esp_radio_controlled_pkg-0.0.0-py3.10.egg-info' (and everything under it)
[2.169s] Copying ../../../build/esp_radio_controlled_pkg/esp_radio_controlled_pkg.egg-info to /home/altair/Documents/saitou_ws/install/esp_radio_controlled_pkg/lib/python3.10/site-packages/esp_radio_controlled_pkg-0.0.0-py3.10.egg-info
[2.170s] running install_scripts
[2.389s] Installing control_node script to /home/altair/Documents/saitou_ws/install/esp_radio_controlled_pkg/lib/esp_radio_controlled_pkg
[2.390s] Installing image_reception_node script to /home/altair/Documents/saitou_ws/install/esp_radio_controlled_pkg/lib/esp_radio_controlled_pkg
[2.390s] writing list of installed files to '/home/altair/Documents/saitou_ws/build/esp_radio_controlled_pkg/install.log'
[2.421s] Invoked command in '/home/altair/Documents/saitou_ws/ros2_ws/src/esp_radio_controlled_pkg' returned '0': PYTHONPATH=/home/altair/Documents/saitou_ws/build/esp_radio_controlled_pkg/prefix_override:/usr/lib/python3/dist-packages/colcon_core/task/python/colcon_distutils_commands:/home/altair/Documents/saitou_ws/install/esp_radio_controlled_pkg/lib/python3.10/site-packages:${PYTHONPATH} /usr/bin/python3 -W ignore:setup.py install is deprecated -W ignore:easy_install command is deprecated setup.py egg_info --egg-base ../../../build/esp_radio_controlled_pkg build --build-base /home/altair/Documents/saitou_ws/build/esp_radio_controlled_pkg/build install --record /home/altair/Documents/saitou_ws/build/esp_radio_controlled_pkg/install.log --single-version-externally-managed install_data
